[DB] Database initialized successfully
[DB] V2 tables verified
=================================================
  Restaurant WhatsApp Bot System
=================================================
  Server running on port: 3000
  Dashboard: http://localhost:3000
  Admin login: admin / admin123
=================================================

[Startup] Restoring WhatsApp sessions...
[WA] Found 0 connected restaurants, restoring sessions...
[Startup] All sessions restored.

✅ System ready! Open dashboard and connect a restaurant WhatsApp.

  #  node[4668]: void node::RemoveEnvironmentCleanupHook(v8::Isolate*, CleanupHook, void*) at ../src/api/hooks.cc:142
  #  Assertion failed: (env) != nullptr

----- Native stack trace -----

 1: 0x921e57 node::Assert(node::AssertionInfo const&) [node]
 2: 0x80969b node::RemoveEnvironmentCleanupHook(v8::Isolate*, void (*)(void*), void*) [node]
 3: 0x7fa1f97345f9 Statement::~Statement() [/home/z/my-project/node_modules/better-sqlite3/build/Release/better_sqlite3.node]
 4: 0x7fa1f9734701 Statement::~Statement() [/home/z/my-project/node_modules/better-sqlite3/build/Release/better_sqlite3.node]
 5: 0xe53ccd  [node]
 6: 0xf065f4  [node]
 7: 0xf075e9  [node]
 8: 0xf0ba60  [node]
 9: 0x199e0d1  [node]
